###############################################################################
#
# IAR ELF Linker V7.30.1.7746/W32 for ARM                 05/Jul/2018  22:09:14
# Copyright 2007-2014 IAR Systems AB.
#
#    Output file  =  
#        D:\wolikuntianxiadiyi\我李坤就是牛逼\build\fire_demo\Debug\Exe\fire_gpio_demo.out
#    Map file     =  
#        D:\wolikuntianxiadiyi\我李坤就是牛逼\build\fire_demo\Debug\List\fire_gpio_demo.map
#    Command line =  
#        D:\wolikuntianxiadiyi\我李坤就是牛逼\build\fire_demo\Debug\Obj\adc.o
#        D:\wolikuntianxiadiyi\我李坤就是牛逼\build\fire_demo\Debug\Obj\alloc.o
#        D:\wolikuntianxiadiyi\我李坤就是牛逼\build\fire_demo\Debug\Obj\arm_cm4.o
#        D:\wolikuntianxiadiyi\我李坤就是牛逼\build\fire_demo\Debug\Obj\assert.o
#        D:\wolikuntianxiadiyi\我李坤就是牛逼\build\fire_demo\Debug\Obj\beep.o
#        D:\wolikuntianxiadiyi\我李坤就是牛逼\build\fire_demo\Debug\Obj\Car_init.o
#        D:\wolikuntianxiadiyi\我李坤就是牛逼\build\fire_demo\Debug\Obj\cmt.o
#        D:\wolikuntianxiadiyi\我李坤就是牛逼\build\fire_demo\Debug\Obj\crt0.o
#        D:\wolikuntianxiadiyi\我李坤就是牛逼\build\fire_demo\Debug\Obj\define.o
#        D:\wolikuntianxiadiyi\我李坤就是牛逼\build\fire_demo\Debug\Obj\delay.o
#        D:\wolikuntianxiadiyi\我李坤就是牛逼\build\fire_demo\Debug\Obj\dial_switch.o
#        D:\wolikuntianxiadiyi\我李坤就是牛逼\build\fire_demo\Debug\Obj\dma.o
#        D:\wolikuntianxiadiyi\我李坤就是牛逼\build\fire_demo\Debug\Obj\exti.o
#        D:\wolikuntianxiadiyi\我李坤就是牛逼\build\fire_demo\Debug\Obj\filter.o
#        D:\wolikuntianxiadiyi\我李坤就是牛逼\build\fire_demo\Debug\Obj\FTM.o
#        D:\wolikuntianxiadiyi\我李坤就是牛逼\build\fire_demo\Debug\Obj\getspeed.o
#        D:\wolikuntianxiadiyi\我李坤就是牛逼\build\fire_demo\Debug\Obj\gpio.o
#        D:\wolikuntianxiadiyi\我李坤就是牛逼\build\fire_demo\Debug\Obj\i2c.o
#        D:\wolikuntianxiadiyi\我李坤就是牛逼\src\LIB\CMSIS\iar_cortexM4l_math.a
#        D:\wolikuntianxiadiyi\我李坤就是牛逼\build\fire_demo\Debug\Obj\image_process.o
#        D:\wolikuntianxiadiyi\我李坤就是牛逼\build\fire_demo\Debug\Obj\io.o
#        D:\wolikuntianxiadiyi\我李坤就是牛逼\build\fire_demo\Debug\Obj\isr.o
#        D:\wolikuntianxiadiyi\我李坤就是牛逼\build\fire_demo\Debug\Obj\ISR_FUN.o
#        D:\wolikuntianxiadiyi\我李坤就是牛逼\build\fire_demo\Debug\Obj\LCD.o
#        D:\wolikuntianxiadiyi\我李坤就是牛逼\build\fire_demo\Debug\Obj\LED.o
#        D:\wolikuntianxiadiyi\我李坤就是牛逼\build\fire_demo\Debug\Obj\lptmr.o
#        D:\wolikuntianxiadiyi\我李坤就是牛逼\build\fire_demo\Debug\Obj\main.o
#        D:\wolikuntianxiadiyi\我李坤就是牛逼\build\fire_demo\Debug\Obj\mcg.o
#        D:\wolikuntianxiadiyi\我李坤就是牛逼\build\fire_demo\Debug\Obj\memtest.o
#        D:\wolikuntianxiadiyi\我李坤就是牛逼\build\fire_demo\Debug\Obj\MK60_spi.o
#        D:\wolikuntianxiadiyi\我李坤就是牛逼\build\fire_demo\Debug\Obj\mykey.o
#        D:\wolikuntianxiadiyi\我李坤就是牛逼\build\fire_demo\Debug\Obj\mymath.o
#        D:\wolikuntianxiadiyi\我李坤就是牛逼\build\fire_demo\Debug\Obj\mypower.o
#        D:\wolikuntianxiadiyi\我李坤就是牛逼\build\fire_demo\Debug\Obj\myPWM.o
#        D:\wolikuntianxiadiyi\我李坤就是牛逼\build\fire_demo\Debug\Obj\OV7725.o
#        D:\wolikuntianxiadiyi\我李坤就是牛逼\build\fire_demo\Debug\Obj\pid.o
#        D:\wolikuntianxiadiyi\我李坤就是牛逼\build\fire_demo\Debug\Obj\PIT.o
#        D:\wolikuntianxiadiyi\我李坤就是牛逼\build\fire_demo\Debug\Obj\port.o
#        D:\wolikuntianxiadiyi\我李坤就是牛逼\build\fire_demo\Debug\Obj\printf.o
#        D:\wolikuntianxiadiyi\我李坤就是牛逼\build\fire_demo\Debug\Obj\queue.o
#        D:\wolikuntianxiadiyi\我李坤就是牛逼\build\fire_demo\Debug\Obj\SCCB.o
#        D:\wolikuntianxiadiyi\我李坤就是牛逼\build\fire_demo\Debug\Obj\sdhc.o
#        D:\wolikuntianxiadiyi\我李坤就是牛逼\build\fire_demo\Debug\Obj\start.o
#        D:\wolikuntianxiadiyi\我李坤就是牛逼\build\fire_demo\Debug\Obj\startup.o
#        D:\wolikuntianxiadiyi\我李坤就是牛逼\build\fire_demo\Debug\Obj\stdlib.o
#        D:\wolikuntianxiadiyi\我李坤就是牛逼\build\fire_demo\Debug\Obj\sysinit.o
#        D:\wolikuntianxiadiyi\我李坤就是牛逼\build\fire_demo\Debug\Obj\uart.o
#        D:\wolikuntianxiadiyi\我李坤就是牛逼\build\fire_demo\Debug\Obj\uif.o
#        D:\wolikuntianxiadiyi\我李坤就是牛逼\build\fire_demo\Debug\Obj\vectors.o
#        D:\wolikuntianxiadiyi\我李坤就是牛逼\build\fire_demo\Debug\Obj\wdog.o
#        -o
#        D:\wolikuntianxiadiyi\我李坤就是牛逼\build\fire_demo\Debug\Exe\fire_gpio_demo.out
#        --map
#        D:\wolikuntianxiadiyi\我李坤就是牛逼\build\fire_demo\Debug\List\fire_gpio_demo.map
#        --config
#        "D:\wolikuntianxiadiyi\我李坤就是牛逼\build\fire_demo\..\config
#        files\fire_ROM_K60N512.icf" --semihosting --entry __iar_program_start
#        "C:\Program Files (x86)\IAR Systems\Embedded Workbench
#        7.0\arm\CMSIS\Lib\IAR\iar_cortexM4l_math.a" --vfe
#
###############################################################################

*******************************************************************************
*** RUNTIME MODEL ATTRIBUTES
***

CppFlavor       = *
__SystemLibrary = DLib


*******************************************************************************
*** PLACEMENT SUMMARY
***

"A1":  place at 0x00000000 { ro section .intvec };
"A2":  place at 0x00000410 { ro section .noinit };
"P1":  place in [from 0x00000000 to 0x00040000] { ro, block CodeRelocate };
"P2":  place in [from 0x1fff0410 to 0x20010000] {
          rw, block CodeRelocateRam, block CSTACK, block HEAP };

  Section              Kind        Address    Size  Object
  -------              ----        -------    ----  ------
"A1":                                        0x410
  .intvec              const    0x00000000   0x410  vectors.o [1]
                              - 0x00000410   0x410

"P1", part 1 of 2:                             0x0
  .rodata              const    0x00000410     0x0  zero_init3.o [5]

"A2":                                         0x3c
  .noinit              ro code  0x00000410    0x3c  crt0.o [1]
                              - 0x0000044c    0x3c

"P1", part 2 of 2:                          0xa480
  .text                ro code  0x0000044c  0x3d58  image_process.o [1]
  .text                ro code  0x000041a4   0xcb2  LCD.o [1]
  .text                ro code  0x00004e56    0x22  zero_init3.o [5]
  .text                ro code  0x00004e78    0x2c  I32ToDbl.o [4]
  .text                ro code  0x00004ea4   0x246  DblDiv.o [4]
  .text                ro code  0x000050ec    0x4c  DblToI32.o [4]
  .text                ro code  0x00005138   0x1a2  DblMul.o [4]
  .text                ro code  0x000052dc    0xe8  DblAdd.o [4]
  .text                ro code  0x000053c4    0x32  I32ToFlt.o [4]
  .text                ro code  0x000053f8    0x36  filter.o [1]
  .text                ro code  0x00005430    0x44  FltToS32.o [4]
  .text                ro code  0x00005474    0x82  mymath.o [1]
  .text                ro code  0x000054f8   0x180  DblSub.o [4]
  .text                ro code  0x00005678    0x74  beep.o [1]
  .text                ro code  0x000056ec   0x10c  gpio.o [1]
  .text                ro code  0x000057f8    0x24  delay.o [1]
  .text                ro code  0x0000581c    0xd8  FltMul.o [4]
  .text                ro code  0x000058f4    0xe6  FltSub.o [4]
  .text                ro code  0x000059dc    0x84  FltAdd.o [4]
  .text                ro code  0x00005a60    0x18  assert.o [1]
  .text                ro code  0x00005a78   0x564  printf.o [1]
  .text                ro code  0x00005fdc    0x20  stdlib.o [1]
  .data_init                    0x00005ffc   0xd28  <Block>
    Initializer bytes  ro data  0x00005ffc   0xd28  <for .data-1>
  .text                ro code  0x00006d24   0x818  isr.o [1]
  .text                ro code  0x0000753c   0x344  dma.o [1]
  .text                ro code  0x00007880   0x128  arm_cm4.o [1]
  .text                ro code  0x000079a8   0x2c8  uart.o [1]
  .text                ro code  0x00007c70   0x10c  getspeed.o [1]
  .text                ro code  0x00007d7c   0x200  ISR_FUN.o [1]
  .text                ro code  0x00007f7c   0x130  pid.o [1]
  .text                ro code  0x000080ac    0x24  FltCmpGe.o [4]
  .text                ro code  0x000080d0    0x24  FltCmpLe.o [4]
  .text                ro code  0x000080f4   0x3d8  FTM.o [1]
  .text                ro code  0x000084cc   0x366  adc.o [1]
  .text                ro code  0x00008834    0x4e  FltToDbl.o [4]
  .text                ro code  0x00008884    0x90  DblToFlt.o [4]
  .text                ro code  0x00008914    0x24  FltToU32.o [4]
  .text                ro code  0x00008938   0x520  start.o [1]
  .text                ro code  0x00008e58    0x38  wdog.o [1]
  .text                ro code  0x00008e90    0xc0  startup.o [1]
  .text                ro code  0x00008f50    0x5c  sysinit.o [1]
  .text                ro code  0x00008fac   0x1dc  main.o [1]
  Veneer               ro code  0x00009188     0x8  - Linker created -
  .text                ro code  0x00009190   0x2f4  mcg.o [1]
  .text                ro code  0x00009484   0x358  Car_init.o [1]
  .text                ro code  0x000097dc    0xa8  mykey.o [1]
  .text                ro code  0x00009884   0x1e4  OV7725.o [1]
  .text                ro code  0x00009a68    0x5c  cmt.o [1]
  .text                ro code  0x00009ac4    0x32  myPWM.o [1]
  .text                ro code  0x00009af8    0x70  PIT.o [1]
  .text                ro code  0x00009b68    0xdc  dial_switch.o [1]
  .text                ro code  0x00009c44    0x1c  LED.o [1]
  .text                ro code  0x00009c60    0x58  port.o [1]
  .text                ro code  0x00009cb8   0x3fe  SCCB.o [1]
  CodeRelocate                  0x0000a0b8    0x50  <Block>
    Initializer bytes  ro data  0x0000a0b8    0x50  <for CodeRelocateRam-1>
  .rodata              const    0x0000a108    0x4c  assert.o [1]
  .rodata              const    0x0000a154    0x48  start.o [1]
  .rodata              const    0x0000a19c    0x40  gpio.o [1]
  .rodata              const    0x0000a1dc    0x40  start.o [1]
  .rodata              const    0x0000a21c    0x3c  adc.o [1]
  .rodata              const    0x0000a258    0x3c  arm_cm4.o [1]
  .rodata              const    0x0000a294    0x3c  dma.o [1]
  .rodata              const    0x0000a2d0    0x3c  FTM.o [1]
  .rodata              const    0x0000a30c    0x38  arm_cm4.o [1]
  .rodata              const    0x0000a344    0x2c  start.o [1]
  .rodata              const    0x0000a370    0x28  start.o [1]
  .rodata              const    0x0000a398    0x28  start.o [1]
  .text                ro code  0x0000a3c0    0x28  data_init.o [5]
  .rodata              const    0x0000a3e8    0x24  OV7725.o [1]
  .iar.init_table      const    0x0000a40c    0x10  - Linker created -
  .rodata              const    0x0000a41c    0x20  OV7725.o [1]
  .rodata              const    0x0000a43c    0x20  OV7725.o [1]
  .rodata              const    0x0000a45c    0x20  start.o [1]
  .rodata              const    0x0000a47c    0x20  start.o [1]
  .rodata              const    0x0000a49c    0x20  start.o [1]
  .rodata              const    0x0000a4bc    0x20  start.o [1]
  .rodata              const    0x0000a4dc    0x20  start.o [1]
  .rodata              const    0x0000a4fc    0x1c  start.o [1]
  .rodata              const    0x0000a518    0x1c  start.o [1]
  .rodata              const    0x0000a534    0x1c  start.o [1]
  .text                ro code  0x0000a550    0x1a  cmain.o [5]
  .text                ro code  0x0000a56a     0x4  low_level_init.o [3]
  .text                ro code  0x0000a56e     0x4  exit.o [3]
  .text                ro code  0x0000a574     0xa  cexit.o [5]
  .text                ro code  0x0000a580    0x14  exit.o [6]
  .rodata              const    0x0000a594    0x18  OV7725.o [1]
  .rodata              const    0x0000a5ac    0x18  start.o [1]
  .rodata              const    0x0000a5c4    0x18  start.o [1]
  .rodata              const    0x0000a5dc    0x18  start.o [1]
  .rodata              const    0x0000a5f4    0x18  start.o [1]
  .rodata              const    0x0000a60c    0x18  start.o [1]
  .rodata              const    0x0000a624    0x18  start.o [1]
  .rodata              const    0x0000a63c    0x18  start.o [1]
  .rodata              const    0x0000a654    0x18  start.o [1]
  .rodata              const    0x0000a66c    0x14  OV7725.o [1]
  .rodata              const    0x0000a680    0x14  start.o [1]
  .rodata              const    0x0000a694    0x14  start.o [1]
  .rodata              const    0x0000a6a8    0x14  start.o [1]
  .rodata              const    0x0000a6bc    0x14  start.o [1]
  .rodata              const    0x0000a6d0    0x14  start.o [1]
  .rodata              const    0x0000a6e4    0x14  start.o [1]
  .rodata              const    0x0000a6f8    0x14  start.o [1]
  .rodata              const    0x0000a70c    0x14  start.o [1]
  .rodata              const    0x0000a720    0x10  isr.o [1]
  .rodata              const    0x0000a730    0x10  isr.o [1]
  .rodata              const    0x0000a740    0x10  OV7725.o [1]
  .rodata              const    0x0000a750    0x10  start.o [1]
  .rodata              const    0x0000a760    0x10  start.o [1]
  .rodata              const    0x0000a770    0x10  start.o [1]
  .rodata              const    0x0000a780    0x10  start.o [1]
  .rodata              const    0x0000a790    0x10  start.o [1]
  .rodata              const    0x0000a7a0    0x10  start.o [1]
  .rodata              const    0x0000a7b0    0x10  start.o [1]
  .rodata              const    0x0000a7c0    0x10  start.o [1]
  .rodata              const    0x0000a7d0    0x10  start.o [1]
  .rodata              const    0x0000a7e0    0x10  start.o [1]
  .rodata              const    0x0000a7f0    0x10  start.o [1]
  .rodata              const    0x0000a800    0x10  start.o [1]
  .rodata              const    0x0000a810    0x10  start.o [1]
  .text                ro code  0x0000a820    0x10  io.o [1]
  .rodata              const    0x0000a830     0xc  start.o [1]
  .rodata              const    0x0000a83c     0xc  start.o [1]
  .rodata              const    0x0000a848     0xc  start.o [1]
  .rodata              const    0x0000a854     0xc  start.o [1]
  .text                ro code  0x0000a860     0xc  cstartup_M.o [5]
  .rodata              const    0x0000a86c     0x8  image_process.o [1]
  .rodata              const    0x0000a874     0x8  image_process.o [1]
  .rodata              const    0x0000a87c     0x8  isr.o [1]
  .rodata              const    0x0000a884     0x8  start.o [1]
  .rodata              const    0x0000a88c     0x8  start.o [1]
  .rodata              const    0x0000a894     0x8  start.o [1]
  .rodata              const    0x0000a89c     0x8  start.o [1]
  .rodata              const    0x0000a8a4     0x8  start.o [1]
  .rodata              const    0x0000a8ac     0x8  start.o [1]
  .rodata              const    0x0000a8b4     0x8  start.o [1]
  .rodata              const    0x0000a8bc     0x8  start.o [1]
  .text                ro code  0x0000a8c4     0x8  vectors.o [1]
                              - 0x0000a8cc  0xa480

"P2":                                       0x69c0
  .data                         0x1fff0410   0xd28  <Block>
    .data-1                     0x1fff0410   0xd28  <Init block>
      .data            inited   0x1fff0410     0x8  adc.o [1]
      .data            inited   0x1fff0418     0x4  beep.o [1]
      .data            inited   0x1fff041c     0xc  FTM.o [1]
      .data            inited   0x1fff0428    0x14  gpio.o [1]
      .data            inited   0x1fff043c    0x14  gpio.o [1]
      .data            inited   0x1fff0450    0x14  image_process.o [1]
      .data            inited   0x1fff0464    0x14  image_process.o [1]
      .data            inited   0x1fff0478     0x8  image_process.o [1]
      .data            inited   0x1fff0480    0x64  image_process.o [1]
      .data            inited   0x1fff04e4    0x10  image_process.o [1]
      .data            inited   0x1fff04f4     0x1  isr.o [1]
      .data            inited   0x1fff04f8   0x800  LCD.o [1]
      .data            inited   0x1fff0cf8   0x36c  LCD.o [1]
      .data            inited   0x1fff1064     0x4  main.o [1]
      .data            inited   0x1fff1068     0x4  main.o [1]
      .data            inited   0x1fff106c     0x4  main.o [1]
      .data            inited   0x1fff1070     0x4  main.o [1]
      .data            inited   0x1fff1074     0x1  main.o [1]
      .data            inited   0x1fff1075     0x1  main.o [1]
      .data            inited   0x1fff1076     0x1  main.o [1]
      .data            inited   0x1fff1078     0x4  main.o [1]
      .data            inited   0x1fff107c     0x4  main.o [1]
      .data            inited   0x1fff1080     0x4  main.o [1]
      .data            inited   0x1fff1084     0x4  main.o [1]
      .data            inited   0x1fff1088     0x1  main.o [1]
      .data            inited   0x1fff108c     0x4  main.o [1]
      .data            inited   0x1fff1090     0x4  main.o [1]
      .data            inited   0x1fff1094     0x1  main.o [1]
      .data            inited   0x1fff1098     0x4  main.o [1]
      .data            inited   0x1fff109c     0x2  main.o [1]
      .data            inited   0x1fff109e     0x2  main.o [1]
      .data            inited   0x1fff10a0     0x2  main.o [1]
      .data            inited   0x1fff10a4     0x8  main.o [1]
      .data            inited   0x1fff10ac     0x8  mcg.o [1]
      .data            inited   0x1fff10b4     0x1  mykey.o [1]
      .data            inited   0x1fff10b5     0x1  OV7725.o [1]
      .data            inited   0x1fff10b6     0x1  OV7725.o [1]
      .data            inited   0x1fff10b8    0x64  OV7725.o [1]
      .data            inited   0x1fff111c     0x1  OV7725.o [1]
      .data            inited   0x1fff1120    0x18  uart.o [1]
  CodeRelocateRam               0x1fff1138    0x50  <Block>
    CodeRelocateRam-1           0x1fff1138    0x50  <Init block>
      .textrw          inited   0x1fff1138    0x50  mcg.o [1]
  .bss                          0x1fff1188  0x5c48  <Block>
    .bss               zero     0x1fff1188    0x10  adc.o [1]
    .bss               zero     0x1fff1198   0x140  image_process.o [1]
    .bss               zero     0x1fff12d8   0xe14  image_process.o [1]
    .bss               zero     0x1fff20ec    0x14  image_process.o [1]
    .bss               zero     0x1fff2100     0x4  image_process.o [1]
    .bss               zero     0x1fff2104     0x4  image_process.o [1]
    .bss               zero     0x1fff2108     0x4  image_process.o [1]
    .bss               zero     0x1fff210c    0x14  image_process.o [1]
    .bss               zero     0x1fff2120     0x4  isr.o [1]
    .bss               zero     0x1fff2124     0x8  isr.o [1]
    .bss               zero     0x1fff212c     0x4  isr.o [1]
    .bss               zero     0x1fff2130     0x4  isr.o [1]
    .bss               zero     0x1fff2134     0x4  isr.o [1]
    .bss               zero     0x1fff2138     0xc  ISR_FUN.o [1]
    .bss               zero     0x1fff2144     0xc  ISR_FUN.o [1]
    .bss               zero     0x1fff2150     0x4  main.o [1]
    .bss               zero     0x1fff2154     0x4  main.o [1]
    .bss               zero     0x1fff2158     0x4  main.o [1]
    .bss               zero     0x1fff215c     0x4  main.o [1]
    .bss               zero     0x1fff2160     0x4  main.o [1]
    .bss               zero     0x1fff2164    0x38  main.o [1]
    .bss               zero     0x1fff219c    0x38  main.o [1]
    .bss               zero     0x1fff21d4    0x38  main.o [1]
    .bss               zero     0x1fff220c     0x4  main.o [1]
    .bss               zero     0x1fff2210     0x4  main.o [1]
    .bss               zero     0x1fff2214     0x4  main.o [1]
    .bss               zero     0x1fff2218     0x4  main.o [1]
    .bss               zero     0x1fff221c    0x38  main.o [1]
    .bss               zero     0x1fff2254  0x25a8  OV7725.o [1]
    .bss               zero     0x1fff47fc  0x25a8  OV7725.o [1]
    .bss               zero     0x1fff6da4     0x4  OV7725.o [1]
    .bss               zero     0x1fff6da8     0x4  sysinit.o [1]
    .bss               zero     0x1fff6dac     0x4  sysinit.o [1]
    .bss               zero     0x1fff6db0     0x4  sysinit.o [1]
    .bss               zero     0x1fff6db4     0x2  cmt.o [1]
    .bss               zero     0x1fff6db6     0x2  LCD.o [1]
    .bss               zero     0x1fff6db8     0x2  LCD.o [1]
    .bss               zero     0x1fff6dba     0x2  main.o [1]
    .bss               zero     0x1fff6dbc     0x2  main.o [1]
    .bss               zero     0x1fff6dbe     0x1  image_process.o [1]
    .bss               zero     0x1fff6dbf     0x1  image_process.o [1]
    .bss               zero     0x1fff6dc0     0x1  image_process.o [1]
    .bss               zero     0x1fff6dc1     0x1  image_process.o [1]
    .bss               zero     0x1fff6dc2     0x1  image_process.o [1]
    .bss               zero     0x1fff6dc3     0x1  image_process.o [1]
    .bss               zero     0x1fff6dc4     0x1  isr.o [1]
    .bss               zero     0x1fff6dc5     0x1  isr.o [1]
    .bss               zero     0x1fff6dc6     0x1  isr.o [1]
    .bss               zero     0x1fff6dc7     0x1  ISR_FUN.o [1]
    .bss               zero     0x1fff6dc8     0x1  main.o [1]
    .bss               zero     0x1fff6dc9     0x1  main.o [1]
    .bss               zero     0x1fff6dca     0x1  main.o [1]
    .bss               zero     0x1fff6dcb     0x1  main.o [1]
    .bss               zero     0x1fff6dcc     0x1  main.o [1]
                              - 0x1fff6dd0  0x69c0


*******************************************************************************
*** INIT TABLE
***

          Address     Size
          -------     ----
Zero (__iar_zero_init3)
    1 destination range, total size 0x5c45:
          0x1fff1188  0x5c45



*******************************************************************************
*** MODULE SUMMARY
***

    Module            ro code  rw code  ro data  rw data
    ------            -------  -------  -------  -------
D:\wolikuntianxiadiyi\我李坤就是牛逼\build\fire_demo\Debug\Obj: [1]
    Car_init.o            856
    FTM.o                 984                72       12
    ISR_FUN.o             512                         25
    LCD.o               3 250             2 927    2 928
    LED.o                  28
    OV7725.o              484               264   19 387
    PIT.o                 112
    SCCB.o              1 022
    adc.o                 870                68       24
    arm_cm4.o             296               116
    assert.o               24                76
    beep.o                116                 4        4
    cmt.o                  92                          2
    crt0.o                 60
    delay.o                36
    dial_switch.o         220
    dma.o                 836                60
    filter.o               54
    getspeed.o            268
    gpio.o                268               104       40
    image_process.o    15 704               180    4 146
    io.o                   16
    isr.o               2 072                41       28
    main.o                476                72      332
    mcg.o                 756       80       88        8
    myPWM.o                50
    mykey.o               168                 1        1
    mymath.o              130
    pid.o                 304
    port.o                 88
    printf.o            1 380
    start.o             1 312             1 176
    startup.o             192
    stdlib.o               32
    sysinit.o              92                         12
    uart.o                712                27       24
    vectors.o               8             1 040
    wdog.o                 56
    ----------------------------------------------------
    Total:             33 936       80    6 316   26 973

command line: [2]
    ----------------------------------------------------
    Total:

dl7M_tln.a: [3]
    exit.o                  4
    low_level_init.o        4
    ----------------------------------------------------
    Total:                  8

m7M_tl.a: [4]
    DblAdd.o              232
    DblDiv.o              582
    DblMul.o              418
    DblSub.o              384
    DblToFlt.o            144
    DblToI32.o             76
    FltAdd.o              132
    FltCmpGe.o             36
    FltCmpLe.o             36
    FltMul.o              216
    FltSub.o              230
    FltToDbl.o             78
    FltToS32.o             68
    FltToU32.o             36
    I32ToDbl.o             44
    I32ToFlt.o             50
    ----------------------------------------------------
    Total:              2 762

rt7M_tl.a: [5]
    cexit.o                10
    cmain.o                26
    cstartup_M.o           12
    data_init.o            40
    zero_init3.o           34
    ----------------------------------------------------
    Total:                122

shb_l.a: [6]
    exit.o                 20
    ----------------------------------------------------
    Total:                 20

    Gaps                   22                         16
    Linker created          8                16
--------------------------------------------------------
    Grand Total:       36 878       80    6 332   26 989


*******************************************************************************
*** ENTRY LIST
***

Entry                      Address    Size  Type      Object
-----                      -------    ----  ----      ------
.bss$$Base              0x1fff1188           --   Gb  - Linker created -
.bss$$Limit             0x1fff6dd0           --   Gb  - Linker created -
.data$$Base             0x1fff0410           --   Gb  - Linker created -
.data$$Limit            0x1fff1138           --   Gb  - Linker created -
.data_init$$Base        0x00005ffc           --   Gb  - Linker created -
.data_init$$Limit       0x00006d24           --   Gb  - Linker created -
?main                   0x0000a551          Code  Gb  cmain.o [5]
ADCx                    0x1fff0410     0x8  Data  Gb  adc.o [1]
AD_new                  0x00007df9    0xa8  Code  Gb  ISR_FUN.o [1]
ASSERT_FAILED_STR       0x0000a108    0x4c  Data  Gb  assert.o [1]
Acc_K                   0x1fff1098     0x4  Data  Gb  main.o [1]
Acc_Limit               0x1fff1094     0x1  Data  Gb  main.o [1]
BEEP_Open_once          0x0000568d    0x22  Code  Gb  beep.o [1]
Back_Color              0x1fff6db8     0x2  Data  Gb  LCD.o [1]
Beep_ISR                0x000056c5    0x24  Code  Gb  beep.o [1]
Beep_Once               0x000056af    0x16  Code  Gb  beep.o [1]
Blue_Start_Flag         0x1fff6dca     0x1  Data  Gb  main.o [1]
Brush_Color             0x1fff6db6     0x2  Data  Gb  LCD.o [1]
Center_Filter           0x1fff0450    0x14  Data  Gb  image_process.o [1]
CenterlineToDiff        0x0000101d    0x58  Code  Gb  image_process.o [1]
CodeRelocate$$Base      0x0000a0b8           --   Gb  - Linker created -
CodeRelocate$$Limit     0x0000a108           --   Gb  - Linker created -
CodeRelocateRam$$Base   0x1fff1138           --   Gb  - Linker created -
CodeRelocateRam$$Limit  0x1fff1188           --   Gb  - Linker created -
Cross                   0x1fff04e4    0x10  Data  Gb  image_process.o [1]
Cross_center_test       0x00003a61   0x32e  Code  Gb  image_process.o [1]
Cross_curve_test        0x000034f1   0x54a  Code  Gb  image_process.o [1]
Cross_pre_test          0x00003d99   0x316  Code  Gb  image_process.o [1]
Cross_process           0x00003015    0x2e  Code  Gb  image_process.o [1]
DIFF_DOWN               0x1fff1090     0x4  Data  Gb  main.o [1]
DIFF_PID_CHANGE_FLAG    0x1fff6dcc     0x1  Data  Gb  main.o [1]
DIFF_UP                 0x1fff108c     0x4  Data  Gb  main.o [1]
DMA0_IRQHandler         0x00006df9    0x32  Code  Gb  isr.o [1]
DMA_PORTx2BUFF_Init     0x0000753d   0x30a  Code  Gb  dma.o [1]
Diff_PID                0x1fff21d4    0x38  Data  Gb  main.o [1]
Diff_PID_Process        0x0000800b    0x50  Code  Gb  pid.o [1]
Diff_error              0x1fff220c     0x4  Data  Gb  main.o [1]
Disp_single_colour      0x0000499d    0x34  Code  Gb  LCD.o [1]
Duty_Motor1             0x1fff215c     0x4  Data  Gb  main.o [1]
Duty_Motor2             0x1fff2160     0x4  Data  Gb  main.o [1]
Elec_Island             0x00001183    0xc6  Code  Gb  image_process.o [1]
FTM0_IRQHandler         0x00007537     0x2  Code  Gb  isr.o [1]
FTM1_IRQHandler         0x00007539     0x2  Code  Gb  isr.o [1]
FTM2_IRQHandler         0x0000753b     0x2  Code  Gb  isr.o [1]
FTM_PWM_Duty            0x0000840f    0x76  Code  Gb  FTM.o [1]
FTM_PWM_init            0x000080f5   0x31a  Code  Gb  FTM.o [1]
FTMx                    0x1fff041c     0xc  Data  Gb  FTM.o [1]
Font8x16                0x1fff04f8   0x800  Data  Gb  LCD.o [1]
GPIOx                   0x1fff0428    0x14  Data  Gb  gpio.o [1]
Get_speed1              0x00007d09    0x4a  Code  Gb  getspeed.o [1]
HardFault_Handler       0x00006e2d     0x2  Code  Gb  isr.o [1]
I_TEMP2                 0x1fff107c     0x4  Data  Gb  main.o [1]
ImageData               0x1fff1198   0x140  Data  Gb  image_process.o [1]
Image_Flag              0x1fff1088     0x1  Data  Gb  main.o [1]
Image_Island_Test       0x00002039   0x384  Code  Gb  image_process.o [1]
Image_Island_Test_Beep  0x1fff0418     0x4  Data  Gb  beep.o [1]
Image_fire              0x1fff6da4     0x4  Data  Gb  OV7725.o [1]
Image_fire_Memory1      0x1fff2254  0x25a8  Data  Gb  OV7725.o [1]
Image_fire_Memory2      0x1fff47fc  0x25a8  Data  Gb  OV7725.o [1]
Image_hang              0x1fff12d8   0xe14  Data  Gb  image_process.o [1]
Image_lie               0x1fff0478     0x8  Data  Gb  image_process.o [1]
In_Cross                0x0000307d   0x46e  Code  Gb  image_process.o [1]
In_Cross_test           0x00003043    0x34  Code  Gb  image_process.o [1]
In_Island               0x0000125d   0x3ca  Code  Gb  image_process.o [1]
In_Island_Center_Filter
                        0x1fff0464    0x14  Data  Gb  image_process.o [1]
In_Island_center        0x0000163d   0x2b8  Code  Gb  image_process.o [1]
In_double_AD            0x000010c9    0x56  Code  Gb  image_process.o [1]
Island                  0x1fff0480    0x64  Data  Gb  image_process.o [1]
Island_process          0x00001169    0x1a  Code  Gb  image_process.o [1]
KEY_Scan                0x00009809    0x70  Code  Gb  mykey.o [1]
Key_Start_Flag          0x1fff6dcb     0x1  Data  Gb  main.o [1]
LCD_DISPLAY_FLAG        0x1fff1075     0x1  Data  Gb  main.o [1]
LCD_DrawBigPoint        0x00004e23    0x34  Code  Gb  LCD.o [1]
LCD_DrawPoint           0x00004dff    0x24  Code  Gb  LCD.o [1]
LCD_Draw_Line           0x00004d41    0xbe  Code  Gb  LCD.o [1]
LCD_PORT_init           0x000041a5    0x34  Code  Gb  LCD.o [1]
LCD_PutChar             0x00004805    0x28  Code  Gb  LCD.o [1]
LCD_PutChar8x16         0x0000488d    0x6c  Code  Gb  LCD.o [1]
LCD_PutString           0x0000482d    0x60  Code  Gb  LCD.o [1]
LCD_Put_Int             0x000049d5   0x306  Code  Gb  LCD.o [1]
LCD_SetPos              0x000047a7    0x5e  Code  Gb  LCD.o [1]
LCD_init                0x000041d9   0x23c  Code  Gb  LCD.o [1]
L_AD_Ave                0x1fff2150     0x4  Data  Gb  main.o [1]
L_AD_Sum                0x1fff1064     0x4  Data  Gb  main.o [1]
MY_adc_init             0x0000880f    0x24  Code  Gb  adc.o [1]
Master_Adc_Config       0x1fff1188    0x10  Data  Gb  adc.o [1]
Memory_use_Flag         0x1fff10b5     0x1  Data  Gb  OV7725.o [1]
Motor1_PID              0x1fff2164    0x38  Data  Gb  main.o [1]
Motor2                  0x1fff2158     0x4  Data  Gb  main.o [1]
Motor2_PID              0x1fff219c    0x38  Data  Gb  main.o [1]
Motor_enable_Flag       0x1fff1076     0x1  Data  Gb  main.o [1]
Motot2_Init             0x00009ac5    0x20  Code  Gb  myPWM.o [1]
Out_Island              0x00001b2d   0x4ee  Code  Gb  image_process.o [1]
Out_Island_Test         0x000024cd   0x39e  Code  Gb  image_process.o [1]
Out_double_AD           0x00001125    0x24  Code  Gb  image_process.o [1]
Ov7725_Init             0x00009955    0x12  Code  Gb  OV7725.o [1]
Ov7725_exti_Init        0x00009885    0xb8  Code  Gb  OV7725.o [1]
Ov7725_reg_Init         0x00009967    0xbe  Code  Gb  OV7725.o [1]
PID_Init                0x0000805b    0x52  Code  Gb  pid.o [1]
PID_process             0x00007f7d    0x8e  Code  Gb  pid.o [1]
PIT0_IRQHandler         0x00007183   0x242  Code  Gb  isr.o [1]
PIT2_IRQHandler         0x000073d3     0xe  Code  Gb  isr.o [1]
PIT3_IRQHandler         0x000073c5     0xe  Code  Gb  isr.o [1]
PORTA_IRQHandler        0x000073e3    0x48  Code  Gb  isr.o [1]
PORTB_IRQHandler        0x0000742b    0x26  Code  Gb  isr.o [1]
PORTC_IRQHandler        0x000073e1     0x2  Code  Gb  isr.o [1]
PORTE_IRQHandler        0x00007535     0x2  Code  Gb  isr.o [1]
PORTX                   0x1fff043c    0x14  Data  Gb  gpio.o [1]
P_TEMP2                 0x1fff1078     0x4  Data  Gb  main.o [1]
Parameters_init_CAR     0x00009521   0x230  Code  Gb  Car_init.o [1]
PendSV_Handler          0x00006e2b     0x2  Code  Gb  isr.o [1]
PutGB1616               0x000048f9    0xa4  Code  Gb  LCD.o [1]
R_AD_Ave                0x1fff2154     0x4  Data  Gb  main.o [1]
R_AD_Sum                0x1fff1068     0x4  Data  Gb  main.o [1]
Reduct_Flag             0x1fff6dc9     0x1  Data  Gb  main.o [1]
Region$$Table$$Base     0x0000a40c           --   Gb  - Linker created -
Region$$Table$$Limit    0x0000a41c           --   Gb  - Linker created -
Reset_Handler           0x00000411          Code  Gb  crt0.o [1]
SCCB_Ack                0x00009dd1    0x4c  Code  Lc  SCCB.o [1]
SCCB_GPIO_init          0x00009cd3    0x1c  Code  Gb  SCCB.o [1]
SCCB_NoAck              0x00009e1d    0x4c  Code  Lc  SCCB.o [1]
SCCB_ReadByte           0x0000a031    0x86  Code  Gb  SCCB.o [1]
SCCB_ReceiveByte        0x00009f57    0x80  Code  Lc  SCCB.o [1]
SCCB_SendByte           0x00009eed    0x6a  Code  Lc  SCCB.o [1]
SCCB_Start              0x00009cef    0xa2  Code  Lc  SCCB.o [1]
SCCB_Stop               0x00009d91    0x40  Code  Lc  SCCB.o [1]
SCCB_WaitAck            0x00009e69    0x84  Code  Lc  SCCB.o [1]
SCCB_WriteByte          0x00009fe9    0x48  Code  Gb  SCCB.o [1]
SCCB_delay              0x00009cb9    0x1a  Code  Lc  SCCB.o [1]
Send_Image_to_LCD       0x00004ce5    0x58  Code  Gb  LCD.o [1]
Servo_Diff_PID          0x00007ea1    0x7c  Code  Gb  ISR_FUN.o [1]
Servo_Init              0x00009ae5    0x12  Code  Gb  myPWM.o [1]
Servo_PID               0x1fff221c    0x38  Data  Gb  main.o [1]
Slow_Flag               0x1fff6dc8     0x1  Data  Gb  main.o [1]
Speed_goal1             0x1fff106c     0x4  Data  Gb  main.o [1]
Speed_goal1_TEMP        0x1fff1080     0x4  Data  Gb  main.o [1]
Speed_goal2             0x1fff1070     0x4  Data  Gb  main.o [1]
Speed_goal2_TEMP        0x1fff1084     0x4  Data  Gb  main.o [1]
Speed_output            0x00007d7d    0x7c  Code  Gb  ISR_FUN.o [1]
Speed_stand             0x1fff6dba     0x2  Data  Gb  main.o [1]
Start_line              0x1fff10a4     0x8  Data  Gb  main.o [1]
Stay2Out_test           0x00002881   0x306  Code  Gb  image_process.o [1]
Stay_Island             0x000018f5   0x220  Code  Gb  image_process.o [1]
Str_Cross               0x000040af    0x58  Code  Gb  image_process.o [1]
Str_Cross_Test          0x00001075    0x54  Code  Gb  image_process.o [1]
Switch_Status           0x1fff6dbc     0x2  Data  Gb  main.o [1]
SysTick_Handler         0x00006e2f     0x2  Code  Gb  isr.o [1]
System_Init             0x00009485    0x9c  Code  Gb  Car_init.o [1]
Test_Far_Lie            0x000023c1    0xfa  Code  Gb  image_process.o [1]
TimeCnt_Start_Reduct_Flag
                        0x1fff04f4     0x1  Data  Gb  isr.o [1]
Time_1ms                0x1fff2210     0x4  Data  Gb  main.o [1]
UARTx                   0x1fff1120    0x18  Data  Gb  uart.o [1]
USART1_IRQHandler       0x00006e31   0x348  Code  Gb  isr.o [1]
USART2_IRQHandler       0x0000717d     0x2  Code  Gb  isr.o [1]
USART3_IRQHandler       0x0000717f     0x2  Code  Gb  isr.o [1]
USART5_IRQHandler       0x00007181     0x2  Code  Gb  isr.o [1]
VSYNC_IRQ               0x00006d25    0xd4  Code  Gb  isr.o [1]
Wait_Next_Island        0x00002b8d    0xe0  Code  Gb  image_process.o [1]
Wait_Next_center        0x00002c79   0x39c  Code  Gb  image_process.o [1]
__BOOT_STACK_ADDRESS {Abs}
                        0x2000fff8           --   Gb  command line/config [2]
__VECTOR_RAM {Abs}      0x1fff0000           --   Gb  command line/config [2]
__VECTOR_TABLE {Abs}    0x00000000           --   Gb  command line/config [2]
__aeabi_cfcmple         0x000080d1          Code  Gb  FltCmpLe.o [4]
__aeabi_cfrcmple        0x000080ad          Code  Gb  FltCmpGe.o [4]
__aeabi_d2f             0x00008885          Code  Gb  DblToFlt.o [4]
__aeabi_d2iz            0x000050ed          Code  Gb  DblToI32.o [4]
__aeabi_dadd            0x000052dd          Code  Gb  DblAdd.o [4]
__aeabi_ddiv            0x00004ea5          Code  Gb  DblDiv.o [4]
__aeabi_dmul            0x00005139          Code  Gb  DblMul.o [4]
__aeabi_dsub            0x000054f9          Code  Gb  DblSub.o [4]
__aeabi_f2d             0x00008835          Code  Gb  FltToDbl.o [4]
__aeabi_f2iz            0x00005431          Code  Gb  FltToS32.o [4]
__aeabi_f2uiz           0x00008915          Code  Gb  FltToU32.o [4]
__aeabi_fadd            0x000059dd          Code  Gb  FltAdd.o [4]
__aeabi_fmul            0x0000581d          Code  Gb  FltMul.o [4]
__aeabi_fsub            0x000058f5          Code  Gb  FltSub.o [4]
__aeabi_i2d             0x00004e79          Code  Gb  I32ToDbl.o [4]
__aeabi_i2f             0x000053c5          Code  Gb  I32ToFlt.o [4]
__aeabi_ui2f            0x000053d9          Code  Gb  I32ToFlt.o [4]
__cmain                 0x0000a551          Code  Gb  cmain.o [5]
__code_start__ {Abs}    0x00000410           --   Gb  command line/config [2]
__exit                  0x0000a581    0x14  Code  Gb  exit.o [6]
__iar_d2uiz             0x00005119          Code  Gb  DblToI32.o [4]
__iar_dadd              0x000052f1          Code  Gb  DblAdd.o [4]
__iar_data_init3        0x0000a3c1    0x28  Code  Gb  data_init.o [5]
__iar_dsub              0x0000550d          Code  Gb  DblSub.o [4]
__iar_dsubStart         0x0000551f          Code  Gb  DblSub.o [4]
__iar_fadd              0x000059ed          Code  Gb  FltAdd.o [4]
__iar_fsub              0x00005905          Code  Gb  FltSub.o [4]
__iar_fsubStart         0x00005915          Code  Gb  FltSub.o [4]
__iar_program_start     0x0000a861          Code  Gb  cstartup_M.o [5]
__iar_ui2d              0x00004e8d          Code  Gb  I32ToDbl.o [4]
__iar_ui2f              0x000053dd          Code  Gb  I32ToFlt.o [4]
__iar_zero_init3        0x00004e57    0x22  Code  Gb  zero_init3.o [5]
__low_level_init        0x0000a56b     0x4  Code  Gb  low_level_init.o [3]
__vector_table          0x00000000   0x410  Data  Gb  vectors.o [1]
_call_main              0x0000a55d          Code  Gb  cmain.o [5]
_exit                   0x0000a575          Code  Gb  cexit.o [5]
_main                   0x0000a567          Code  Gb  cmain.o [5]
ad_once                 0x00008703    0x7e  Code  Gb  adc.o [1]
adc_config_alt          0x000087e9    0x26  Code  Lc  adc.o [1]
adc_init                0x000084cd   0x236  Code  Gb  adc.o [1]
adc_start               0x00008781    0x48  Code  Gb  adc.o [1]
assert_failed           0x00005a61    0x18  Code  Gb  assert.o [1]
bus_clk_khz             0x1fff6db0     0x4  Data  Gb  sysinit.o [1]
button_timeout          0x1fff1074     0x1  Data  Gb  main.o [1]
cfgnum                  0x1fff111c     0x1  Data  Gb  OV7725.o [1]
cmt_period              0x1fff6db4     0x2  Data  Gb  cmt.o [1]
cmt_pwm_duty            0x00009a69    0x46  Code  Gb  cmt.o [1]
codeGB_16               0x1fff0cf8   0x36c  Data  Gb  LCD.o [1]
common_startup          0x00008e91    0xc0  Code  Gb  startup.o [1]
core_clk_khz            0x1fff6da8     0x4  Data  Gb  sysinit.o [1]
core_clk_mhz            0x1fff6dac     0x4  Data  Gb  sysinit.o [1]
cpu_identify            0x00008a67   0x20a  Code  Gb  start.o [1]
default_isr             0x0000a8c5     0x8  Code  Gb  vectors.o [1]
delayms                 0x000057f9    0x1e  Code  Gb  delay.o [1]
dial_switch_Init        0x00009b69    0x64  Code  Gb  dial_switch.o [1]
dial_switch_Scan        0x00009bcd    0x74  Code  Gb  dial_switch.o [1]
diff_done_flag          0x1fff6dbe     0x1  Data  Gb  image_process.o [1]
disable_irq             0x0000791b    0x5e  Code  Gb  arm_cm4.o [1]
enable_irq              0x00007887    0x94  Code  Gb  arm_cm4.o [1]
exit                    0x0000a56f     0x4  Code  Gb  exit.o [3]
filter_1st              0x000053f9    0x36  Code  Gb  filter.o [1]
find_lie_end            0x00004111    0x8c  Code  Gb  image_process.o [1]
flash_identify          0x00008c71    0xbe  Code  Gb  start.o [1]
get_black_line          0x00000759   0x344  Code  Gb  image_process.o [1]
get_black_line_without_Iteration
                        0x00000a9d   0x2b0  Code  Gb  image_process.o [1]
get_three_lie           0x00000d4d   0x2d0  Code  Gb  image_process.o [1]
getspeed1_init          0x00007c71    0x98  Code  Gb  getspeed.o [1]
gpio_init               0x000056ed    0xb6  Code  Gb  gpio.o [1]
image_process           0x0000044d   0x2d8  Code  Gb  image_process.o [1]
img_flag                0x1fff10b6     0x1  Data  Gb  OV7725.o [1]
main                    0x00008fad   0x1dc  Code  Gb  main.o [1]
mcg_div                 0x1fff10ac     0x8  Data  Gb  mcg.o [1]
min_u8_index            0x00005475    0x32  Code  Gb  mymath.o [1]
myBEEP_Init             0x00005679    0x14  Code  Gb  beep.o [1]
myKEY_Init              0x000097dd    0x2c  Code  Gb  mykey.o [1]
myLED_Init              0x00009c45    0x1c  Code  Gb  LED.o [1]
out_char                0x0000a821    0x10  Code  Gb  io.o [1]
ov7725_get_img          0x0000993d    0x18  Code  Gb  OV7725.o [1]
ov7727_reg              0x1fff10b8    0x64  Data  Gb  OV7725.o [1]
pit_init                0x00009af9    0x62  Code  Gb  PIT.o [1]
pll_init                0x00009191   0x2f4  Code  Gb  mcg.o [1]
port_init               0x00009c61    0x4a  Code  Gb  port.o [1]
port_init_NoALT         0x000057a3    0x44  Code  Gb  gpio.o [1]
power_s16               0x000054a7    0x1c  Code  Gb  mymath.o [1]
printf                  0x00005fb3    0x26  Code  Gb  printf.o [1]
printk                  0x00005ba1   0x412  Code  Gb  printf.o [1]
printk_mknumstr         0x00005aab    0xaa  Code  Lc  printf.o [1]
printk_pad_space        0x00005b7b    0x26  Code  Lc  printf.o [1]
printk_pad_zero         0x00005b55    0x26  Code  Lc  printf.o [1]
printk_putc             0x00005a79    0x32  Code  Lc  printf.o [1]
road_filter_flag        0x1fff6dbf     0x1  Data  Gb  image_process.o [1]
set_sys_dividers        0x1fff1139    0x50  Code  Gb  mcg.o [1]
stand_AD                0x1fff10a0     0x2  Data  Gb  main.o [1]
stand_AD_L              0x1fff109c     0x2  Data  Gb  main.o [1]
stand_AD_R              0x1fff109e     0x2  Data  Gb  main.o [1]
stand_d                 0x1fff2218     0x4  Data  Gb  main.o [1]
stand_p                 0x1fff2214     0x4  Data  Gb  main.o [1]
start                   0x00008939   0x12e  Code  Gb  start.o [1]
strlen                  0x00005fdd    0x20  Code  Gb  stdlib.o [1]
sum_point               0x000054c3    0x34  Code  Gb  mymath.o [1]
sysinit                 0x00008f51    0x48  Code  Gb  sysinit.o [1]
uart_init               0x000079a9   0x1f8  Code  Gb  uart.o [1]
uart_pendchar           0x00007ba1    0x38  Code  Gb  uart.o [1]
uart_pendstr            0x00007bd9    0x34  Code  Gb  uart.o [1]
uart_putchar            0x00007c0d    0x1e  Code  Gb  uart.o [1]
wdog_disable            0x00008e59    0x16  Code  Gb  wdog.o [1]
wdog_unlock             0x00008e71    0x16  Code  Gb  wdog.o [1]
write_command           0x00004415   0x1be  Code  Gb  LCD.o [1]
write_data              0x000045d3   0x1be  Code  Gb  LCD.o [1]
write_vtor              0x00007881     0x6  Code  Gb  arm_cm4.o [1]
write_word              0x00004791    0x16  Code  Gb  LCD.o [1]


[1] = D:\wolikuntianxiadiyi\我李坤就是牛逼\build\fire_demo\Debug\Obj
[2] = command line
[3] = dl7M_tln.a
[4] = m7M_tl.a
[5] = rt7M_tl.a
[6] = shb_l.a

  36 878 bytes of readonly  code memory
      80 bytes of readwrite code memory
   6 332 bytes of readonly  data memory
  26 989 bytes of readwrite data memory

Errors: none
Warnings: none
